Time:650000
/top_tb/u_memblock__L2tlb_agent_if/clk	0
/top_tb/u_memblock__L2tlb_agent_if/rst_n	1
/top_tb/u_memblock__L2tlb_agent_if/io_ptw_req_0_ready	1
/top_tb/u_memblock__L2tlb_agent_if/io_ptw_req_0_valid	1
/top_tb/u_memblock__L2tlb_agent_if/io_ptw_req_0_bits_vpn[37:0]	00000000000100111000001110001101001111
/top_tb/u_memblock__L2tlb_agent_if/io_ptw_req_0_bits_s2xlate[1:0]	00
/top_tb/u_memblock__L2tlb_agent_if/io_ptw_resp_valid	1
/top_tb/u_memblock__L2tlb_agent_if/io_ptw_resp_bits_s2xlate[1:0]	00
/top_tb/u_memblock__L2tlb_agent_if/io_ptw_resp_bits_s1_entry_tag[34:0]	00000000000000010110001000010110100
/top_tb/u_memblock__L2tlb_agent_if/io_ptw_resp_bits_s1_entry_asid[15:0]	0000000000000000
/top_tb/u_memblock__L2tlb_agent_if/io_ptw_resp_bits_s1_entry_vmid[13:0]	00000000000000
/top_tb/u_memblock__L2tlb_agent_if/io_ptw_resp_bits_s1_entry_n	0
/top_tb/u_memblock__L2tlb_agent_if/io_ptw_resp_bits_s1_entry_pbmt[1:0]	00
/top_tb/u_memblock__L2tlb_agent_if/io_ptw_resp_bits_s1_entry_perm_d	1
/top_tb/u_memblock__L2tlb_agent_if/io_ptw_resp_bits_s1_entry_perm_a	1
/top_tb/u_memblock__L2tlb_agent_if/io_ptw_resp_bits_s1_entry_perm_g	0
/top_tb/u_memblock__L2tlb_agent_if/io_ptw_resp_bits_s1_entry_perm_u	1
/top_tb/u_memblock__L2tlb_agent_if/io_ptw_resp_bits_s1_entry_perm_x	1
/top_tb/u_memblock__L2tlb_agent_if/io_ptw_resp_bits_s1_entry_perm_w	1
/top_tb/u_memblock__L2tlb_agent_if/io_ptw_resp_bits_s1_entry_perm_r	1
/top_tb/u_memblock__L2tlb_agent_if/io_ptw_resp_bits_s1_entry_level[1:0]	00
/top_tb/u_memblock__L2tlb_agent_if/io_ptw_resp_bits_s1_entry_v	1
/top_tb/u_memblock__L2tlb_agent_if/io_ptw_resp_bits_s1_entry_ppn[40:0]	00000000000000000000000010001000010110100
/top_tb/u_memblock__L2tlb_agent_if/io_ptw_resp_bits_s1_addr_low[2:0]	011
/top_tb/u_memblock__L2tlb_agent_if/io_ptw_resp_bits_s1_ppn_low_0[2:0]	000
/top_tb/u_memblock__L2tlb_agent_if/io_ptw_resp_bits_s1_ppn_low_1[2:0]	000
/top_tb/u_memblock__L2tlb_agent_if/io_ptw_resp_bits_s1_ppn_low_2[2:0]	000
/top_tb/u_memblock__L2tlb_agent_if/io_ptw_resp_bits_s1_ppn_low_3[2:0]	011
/top_tb/u_memblock__L2tlb_agent_if/io_ptw_resp_bits_s1_ppn_low_4[2:0]	000
/top_tb/u_memblock__L2tlb_agent_if/io_ptw_resp_bits_s1_ppn_low_5[2:0]	000
/top_tb/u_memblock__L2tlb_agent_if/io_ptw_resp_bits_s1_ppn_low_6[2:0]	000
/top_tb/u_memblock__L2tlb_agent_if/io_ptw_resp_bits_s1_ppn_low_7[2:0]	000
/top_tb/u_memblock__L2tlb_agent_if/io_ptw_resp_bits_s1_valididx_0	0
/top_tb/u_memblock__L2tlb_agent_if/io_ptw_resp_bits_s1_valididx_1	0
/top_tb/u_memblock__L2tlb_agent_if/io_ptw_resp_bits_s1_valididx_2	0
/top_tb/u_memblock__L2tlb_agent_if/io_ptw_resp_bits_s1_valididx_3	1
/top_tb/u_memblock__L2tlb_agent_if/io_ptw_resp_bits_s1_valididx_4	0
/top_tb/u_memblock__L2tlb_agent_if/io_ptw_resp_bits_s1_valididx_5	0
/top_tb/u_memblock__L2tlb_agent_if/io_ptw_resp_bits_s1_valididx_6	0
/top_tb/u_memblock__L2tlb_agent_if/io_ptw_resp_bits_s1_valididx_7	0
/top_tb/u_memblock__L2tlb_agent_if/io_ptw_resp_bits_s1_pteidx_0	0
/top_tb/u_memblock__L2tlb_agent_if/io_ptw_resp_bits_s1_pteidx_1	0
/top_tb/u_memblock__L2tlb_agent_if/io_ptw_resp_bits_s1_pteidx_2	0
/top_tb/u_memblock__L2tlb_agent_if/io_ptw_resp_bits_s1_pteidx_3	1
/top_tb/u_memblock__L2tlb_agent_if/io_ptw_resp_bits_s1_pteidx_4	0
/top_tb/u_memblock__L2tlb_agent_if/io_ptw_resp_bits_s1_pteidx_5	0
/top_tb/u_memblock__L2tlb_agent_if/io_ptw_resp_bits_s1_pteidx_6	0
/top_tb/u_memblock__L2tlb_agent_if/io_ptw_resp_bits_s1_pteidx_7	0
/top_tb/u_memblock__L2tlb_agent_if/io_ptw_resp_bits_s1_pf	0
/top_tb/u_memblock__L2tlb_agent_if/io_ptw_resp_bits_s1_af	0
/top_tb/u_memblock__L2tlb_agent_if/io_ptw_resp_bits_s2_entry_tag[37:0]	00000000000000000000000000000000000000
/top_tb/u_memblock__L2tlb_agent_if/io_ptw_resp_bits_s2_entry_vmid[13:0]	00000000000000
/top_tb/u_memblock__L2tlb_agent_if/io_ptw_resp_bits_s2_entry_n	0
/top_tb/u_memblock__L2tlb_agent_if/io_ptw_resp_bits_s2_entry_pbmt[1:0]	00
/top_tb/u_memblock__L2tlb_agent_if/io_ptw_resp_bits_s2_entry_ppn[37:0]	00000000000000000000000000000000000000
/top_tb/u_memblock__L2tlb_agent_if/io_ptw_resp_bits_s2_entry_perm_d	0
/top_tb/u_memblock__L2tlb_agent_if/io_ptw_resp_bits_s2_entry_perm_a	0
/top_tb/u_memblock__L2tlb_agent_if/io_ptw_resp_bits_s2_entry_perm_g	0
/top_tb/u_memblock__L2tlb_agent_if/io_ptw_resp_bits_s2_entry_perm_u	0
/top_tb/u_memblock__L2tlb_agent_if/io_ptw_resp_bits_s2_entry_perm_x	0
/top_tb/u_memblock__L2tlb_agent_if/io_ptw_resp_bits_s2_entry_perm_w	0
/top_tb/u_memblock__L2tlb_agent_if/io_ptw_resp_bits_s2_entry_perm_r	0
/top_tb/u_memblock__L2tlb_agent_if/io_ptw_resp_bits_s2_entry_level[1:0]	00
/top_tb/u_memblock__L2tlb_agent_if/io_ptw_resp_bits_s2_gpf	0
/top_tb/u_memblock__L2tlb_agent_if/io_ptw_resp_bits_s2_gaf	0
Time:650300
/top_tb/u_memblock__L2tlb_agent_if/clk	1
/top_tb/u_memblock__L2tlb_agent_if/io_ptw_req_0_bits_vpn[37:0]	00000000000001110101001010000001101001
/top_tb/u_memblock__L2tlb_agent_if/io_ptw_resp_bits_s1_entry_tag[34:0]	00000000000100111000001110001101001
/top_tb/u_memblock__L2tlb_agent_if/io_ptw_resp_bits_s1_entry_ppn[40:0]	00000000000000000000000010001110001101001
/top_tb/u_memblock__L2tlb_agent_if/io_ptw_resp_bits_s1_addr_low[2:0]	111
/top_tb/u_memblock__L2tlb_agent_if/io_ptw_resp_bits_s1_ppn_low_3[2:0]	000
/top_tb/u_memblock__L2tlb_agent_if/io_ptw_resp_bits_s1_ppn_low_7[2:0]	111
/top_tb/u_memblock__L2tlb_agent_if/io_ptw_resp_bits_s1_valididx_3	0
/top_tb/u_memblock__L2tlb_agent_if/io_ptw_resp_bits_s1_valididx_7	1
/top_tb/u_memblock__L2tlb_agent_if/io_ptw_resp_bits_s1_pteidx_3	0
/top_tb/u_memblock__L2tlb_agent_if/io_ptw_resp_bits_s1_pteidx_7	1
Time:652800
/top_tb/u_memblock__L2tlb_agent_if/clk	0
Time:655300
/top_tb/u_memblock__L2tlb_agent_if/io_ptw_resp_bits_s1_ppn_low_1[2:0]	001
/top_tb/u_memblock__L2tlb_agent_if/io_ptw_resp_bits_s1_valididx_1	1
/top_tb/u_memblock__L2tlb_agent_if/io_ptw_resp_bits_s1_pteidx_1	1
/top_tb/u_memblock__L2tlb_agent_if/io_ptw_req_0_bits_vpn[37:0]	00000000000000011100000001000101011100
/top_tb/u_memblock__L2tlb_agent_if/io_ptw_resp_bits_s1_entry_tag[34:0]	00000000000001110101001010000001101
/top_tb/u_memblock__L2tlb_agent_if/io_ptw_resp_bits_s1_entry_ppn[40:0]	00000000000000000000000010001010000001101
/top_tb/u_memblock__L2tlb_agent_if/io_ptw_resp_bits_s1_addr_low[2:0]	001
/top_tb/u_memblock__L2tlb_agent_if/io_ptw_resp_bits_s1_ppn_low_7[2:0]	000
/top_tb/u_memblock__L2tlb_agent_if/io_ptw_resp_bits_s1_valididx_7	0
/top_tb/u_memblock__L2tlb_agent_if/io_ptw_resp_bits_s1_pteidx_7	0
/top_tb/u_memblock__L2tlb_agent_if/clk	1
Time:657800
/top_tb/u_memblock__L2tlb_agent_if/clk	0
Time:660300
/top_tb/u_memblock__L2tlb_agent_if/io_ptw_resp_bits_s1_ppn_low_4[2:0]	100
/top_tb/u_memblock__L2tlb_agent_if/io_ptw_resp_bits_s1_valididx_4	1
/top_tb/u_memblock__L2tlb_agent_if/io_ptw_resp_bits_s1_pteidx_4	1
/top_tb/u_memblock__L2tlb_agent_if/io_ptw_resp_bits_s1_ppn_low_1[2:0]	000
/top_tb/u_memblock__L2tlb_agent_if/io_ptw_resp_bits_s1_valididx_1	0
/top_tb/u_memblock__L2tlb_agent_if/io_ptw_resp_bits_s1_pteidx_1	0
/top_tb/u_memblock__L2tlb_agent_if/io_ptw_req_0_bits_vpn[37:0]	00000000000111011100000001000101111011
/top_tb/u_memblock__L2tlb_agent_if/io_ptw_resp_bits_s1_entry_tag[34:0]	00000000000000011100000001000101011
/top_tb/u_memblock__L2tlb_agent_if/io_ptw_resp_bits_s1_entry_ppn[40:0]	00000000000000000000000010000001000101011
/top_tb/u_memblock__L2tlb_agent_if/io_ptw_resp_bits_s1_addr_low[2:0]	100
/top_tb/u_memblock__L2tlb_agent_if/clk	1
Time:662800
/top_tb/u_memblock__L2tlb_agent_if/clk	0
Time:665300
/top_tb/u_memblock__L2tlb_agent_if/io_ptw_resp_bits_s1_ppn_low_3[2:0]	011
/top_tb/u_memblock__L2tlb_agent_if/io_ptw_resp_bits_s1_valididx_3	1
/top_tb/u_memblock__L2tlb_agent_if/io_ptw_resp_bits_s1_pteidx_3	1
/top_tb/u_memblock__L2tlb_agent_if/io_ptw_resp_bits_s1_ppn_low_4[2:0]	000
/top_tb/u_memblock__L2tlb_agent_if/io_ptw_resp_bits_s1_valididx_4	0
/top_tb/u_memblock__L2tlb_agent_if/io_ptw_resp_bits_s1_pteidx_4	0
/top_tb/u_memblock__L2tlb_agent_if/io_ptw_req_0_bits_vpn[37:0]	00000000000011010101000110110110011101
/top_tb/u_memblock__L2tlb_agent_if/io_ptw_resp_bits_s1_entry_tag[34:0]	00000000000111011100000001000101111
/top_tb/u_memblock__L2tlb_agent_if/io_ptw_resp_bits_s1_entry_ppn[40:0]	00000000000000000000000010000001000101111
/top_tb/u_memblock__L2tlb_agent_if/io_ptw_resp_bits_s1_addr_low[2:0]	011
/top_tb/u_memblock__L2tlb_agent_if/clk	1
Time:667800
/top_tb/u_memblock__L2tlb_agent_if/clk	0
Time:670300
/top_tb/u_memblock__L2tlb_agent_if/io_ptw_resp_bits_s1_ppn_low_5[2:0]	101
/top_tb/u_memblock__L2tlb_agent_if/io_ptw_resp_bits_s1_valididx_5	1
/top_tb/u_memblock__L2tlb_agent_if/io_ptw_resp_bits_s1_pteidx_5	1
/top_tb/u_memblock__L2tlb_agent_if/io_ptw_resp_bits_s1_ppn_low_3[2:0]	000
/top_tb/u_memblock__L2tlb_agent_if/io_ptw_resp_bits_s1_valididx_3	0
/top_tb/u_memblock__L2tlb_agent_if/io_ptw_resp_bits_s1_pteidx_3	0
/top_tb/u_memblock__L2tlb_agent_if/io_ptw_req_0_bits_vpn[37:0]	00000000000011011000101101001111110001
/top_tb/u_memblock__L2tlb_agent_if/io_ptw_resp_bits_s1_entry_tag[34:0]	00000000000011010101000110110110011
/top_tb/u_memblock__L2tlb_agent_if/io_ptw_resp_bits_s1_entry_ppn[40:0]	00000000000000000000000010000110110110011
/top_tb/u_memblock__L2tlb_agent_if/io_ptw_resp_bits_s1_addr_low[2:0]	101
/top_tb/u_memblock__L2tlb_agent_if/clk	1
Time:672800
/top_tb/u_memblock__L2tlb_agent_if/clk	0
Time:675300
/top_tb/u_memblock__L2tlb_agent_if/io_ptw_resp_bits_s1_ppn_low_1[2:0]	001
/top_tb/u_memblock__L2tlb_agent_if/io_ptw_resp_bits_s1_valididx_1	1
/top_tb/u_memblock__L2tlb_agent_if/io_ptw_resp_bits_s1_pteidx_1	1
/top_tb/u_memblock__L2tlb_agent_if/io_ptw_resp_bits_s1_ppn_low_5[2:0]	000
/top_tb/u_memblock__L2tlb_agent_if/io_ptw_resp_bits_s1_valididx_5	0
/top_tb/u_memblock__L2tlb_agent_if/io_ptw_resp_bits_s1_pteidx_5	0
/top_tb/u_memblock__L2tlb_agent_if/io_ptw_req_0_bits_vpn[37:0]	00000000000011110101100100101000101101
/top_tb/u_memblock__L2tlb_agent_if/io_ptw_resp_bits_s1_entry_tag[34:0]	00000000000011011000101101001111110
/top_tb/u_memblock__L2tlb_agent_if/io_ptw_resp_bits_s1_entry_ppn[40:0]	00000000000000000000000010001101001111110
/top_tb/u_memblock__L2tlb_agent_if/io_ptw_resp_bits_s1_addr_low[2:0]	001
/top_tb/u_memblock__L2tlb_agent_if/clk	1
Time:677800
/top_tb/u_memblock__L2tlb_agent_if/clk	0
Time:680000
