Time:650000
/top_tb/U_MEMBLOCK/_inner_ptw_io_tlb_1_resp_valid	1
/top_tb/U_MEMBLOCK/_inner_ptw_io_tlb_1_resp_bits_s1_pf	0
/top_tb/U_MEMBLOCK/_inner_ptw_io_tlb_1_resp_bits_s1_af	0
/top_tb/U_MEMBLOCK/_inner_ptw_io_tlb_1_resp_bits_s1_entry_v	1
/top_tb/U_MEMBLOCK/_inner_ptw_io_tlb_1_resp_bits_s1_entry_tag	00000000000000010110001000010110100
/top_tb/U_MEMBLOCK/_inner_ptw_io_tlb_1_resp_bits_s1_entry_asid	0000000000000000
/top_tb/U_MEMBLOCK/_inner_ptw_io_tlb_1_resp_bits_s1_entry_perm_u	1
/top_tb/U_MEMBLOCK/_inner_ptw_io_tlb_1_resp_bits_s1_entry_perm_w	1
/top_tb/U_MEMBLOCK/_inner_ptw_io_tlb_1_resp_bits_s1_entry_perm_r	1
/top_tb/U_MEMBLOCK/_inner_ptw_io_tlb_1_resp_bits_s1_entry_perm_a	1
/top_tb/U_MEMBLOCK/_inner_ptw_io_tlb_1_resp_bits_s1_entry_perm_d	1
/top_tb/U_MEMBLOCK/_inner_dtlbRepeater_io_tlb_resp_valid	1
/top_tb/U_MEMBLOCK/_inner_dtlbRepeater_io_tlb_resp_bits_data_s1_pf	0
/top_tb/U_MEMBLOCK/_inner_dtlbRepeater_io_tlb_resp_bits_data_s1_entry_v	1
/top_tb/U_MEMBLOCK/_inner_dtlbRepeater_io_tlb_resp_bits_data_s1_entry_tag	00000000000001010100001101010110000
/top_tb/U_MEMBLOCK/_inner_dtlb_st_tlb_st_io_requestor_1_resp_valid	0
/top_tb/U_MEMBLOCK/_inner_dtlb_st_tlb_st_io_requestor_1_resp_bits_miss	1
/top_tb/U_MEMBLOCK/_inner_dtlb_st_tlb_st_io_requestor_1_resp_bits_excp_0_pf_st	0
/top_tb/U_MEMBLOCK/_inner_dtlb_st_tlb_st_io_requestor_1_resp_bits_excp_0_af_st	0
/top_tb/U_MEMBLOCK/_inner_dtlb_st_tlb_st_io_requestor_1_resp_bits_paddr_0	000000000000000000000000000000000000101100101111
/top_tb/U_MEMBLOCK/_inner_dtlb_st_tlb_st_io_requestor_1_resp_bits_fullva	0000000000000000000000000100111000001110001101001111101100101111
/top_tb/U_MEMBLOCK/_inner_StoreUnit_1_io_lsq_bits_uop_exceptionVec_15	0
/top_tb/U_MEMBLOCK/io_mem_to_ooo_writebackSta_1_bits_uop_exceptionVec_15	x
Time:650300
/top_tb/U_MEMBLOCK/_inner_ptw_io_tlb_1_resp_bits_s1_entry_tag	00000000000100111000001110001101001
/top_tb/U_MEMBLOCK/_inner_dtlbRepeater_io_tlb_resp_bits_data_s1_entry_tag	00000000000000010110001000010110100
/top_tb/U_MEMBLOCK/_inner_dtlb_st_tlb_st_io_requestor_1_resp_valid	1
/top_tb/U_MEMBLOCK/_inner_dtlb_st_tlb_st_io_requestor_1_resp_bits_paddr_0	000000000000000000000000000000000000101110110100
/top_tb/U_MEMBLOCK/_inner_dtlb_st_tlb_st_io_requestor_1_resp_bits_fullva	0000000000000000000000000000011100000001000101011100101110110100
Time:655300
/top_tb/U_MEMBLOCK/io_mem_to_ooo_writebackSta_1_bits_uop_exceptionVec_15	1
/top_tb/U_MEMBLOCK/_inner_ptw_io_tlb_1_resp_bits_s1_entry_tag	00000000000001110101001010000001101
/top_tb/U_MEMBLOCK/_inner_dtlbRepeater_io_tlb_resp_bits_data_s1_entry_tag	00000000000100111000001110001101001
/top_tb/U_MEMBLOCK/_inner_dtlb_st_tlb_st_io_requestor_1_resp_valid	0
Time:660300
/top_tb/U_MEMBLOCK/_inner_dtlb_st_tlb_st_io_requestor_1_resp_bits_paddr_0	000000000000000000000000000000000000001000011010
/top_tb/U_MEMBLOCK/_inner_dtlb_st_tlb_st_io_requestor_1_resp_bits_fullva	0000000000000000000000000011010101000110110110011101001000011010
/top_tb/U_MEMBLOCK/_inner_ptw_io_tlb_1_resp_bits_s1_entry_tag	00000000000000011100000001000101011
/top_tb/U_MEMBLOCK/_inner_dtlbRepeater_io_tlb_resp_bits_data_s1_entry_tag	00000000000001110101001010000001101
/top_tb/U_MEMBLOCK/_inner_dtlb_st_tlb_st_io_requestor_1_resp_valid	1
Time:665000
