Time:600000
/top_tb/U_MEMBLOCK/io_ooo_to_mem_tlbCsr_satp_mode	0000
/top_tb/U_MEMBLOCK/io_ooo_to_mem_tlbCsr_satp_ppn	00000000000000000000000010000000000000000000
/top_tb/U_MEMBLOCK/io_ooo_to_mem_tlbCsr_satp_changed	0
/top_tb/U_MEMBLOCK/io_ooo_to_mem_tlbCsr_priv_imode	00
/top_tb/U_MEMBLOCK/io_ooo_to_mem_tlbCsr_priv_dmode	00
/top_tb/U_MEMBLOCK/inner_tlbcsr_satp_changed	0
/top_tb/U_MEMBLOCK/inner_tlbcsr_REG_satp_changed	0
/top_tb/U_MEMBLOCK/inner_ptw_resp_v	0
/top_tb/U_MEMBLOCK/_inner_dtlbRepeater_io_tlb_resp_valid	0
/top_tb/U_MEMBLOCK/_inner_dtlbRepeater_io_tlb_resp_bits_data_s1_pf	x
/top_tb/U_MEMBLOCK/_inner_dtlbRepeater_io_ptw_req_0_valid	0
/top_tb/U_MEMBLOCK/_inner_dtlbRepeater_io_ptw_req_0_bits_vpn	xxxxxxxxxxxxxxxxxxxxxxxxxxxxxxxxxxxxxx
/top_tb/U_MEMBLOCK/_inner_ptw_io_tlb_1_req_0_ready	0
/top_tb/U_MEMBLOCK/_inner_ptw_io_tlb_1_resp_valid	0
Time:600300
/top_tb/U_MEMBLOCK/io_ooo_to_mem_tlbCsr_satp_mode	1000
Time:615300
/top_tb/U_MEMBLOCK/_inner_ptw_io_tlb_1_req_0_ready	1
Time:625300
/top_tb/U_MEMBLOCK/_inner_dtlbRepeater_io_ptw_req_0_valid	1
/top_tb/U_MEMBLOCK/_inner_dtlbRepeater_io_ptw_req_0_bits_vpn	00000000000011001010010111111000101111
Time:630300
/top_tb/U_MEMBLOCK/_inner_ptw_io_tlb_1_resp_valid	1
/top_tb/U_MEMBLOCK/_inner_dtlbRepeater_io_ptw_req_0_bits_vpn	00000000000001000110111111111101011010
Time:635300
/top_tb/U_MEMBLOCK/_inner_dtlbRepeater_io_tlb_resp_valid	1
/top_tb/U_MEMBLOCK/_inner_dtlbRepeater_io_tlb_resp_bits_data_s1_pf	0
/top_tb/U_MEMBLOCK/_inner_dtlbRepeater_io_ptw_req_0_bits_vpn	00000000000001010100001101010110000100
Time:640300
/top_tb/U_MEMBLOCK/inner_ptw_resp_v	1
/top_tb/U_MEMBLOCK/_inner_dtlbRepeater_io_ptw_req_0_bits_vpn	00000000000000010110001000010110100011
Time:645300
/top_tb/U_MEMBLOCK/_inner_dtlbRepeater_io_ptw_req_0_bits_vpn	00000000000100111000001110001101001111
Time:650300
/top_tb/U_MEMBLOCK/_inner_dtlbRepeater_io_ptw_req_0_bits_vpn	00000000000001110101001010000001101001
Time:655300
/top_tb/U_MEMBLOCK/_inner_dtlbRepeater_io_ptw_req_0_bits_vpn	00000000000000011100000001000101011100
Time:660000
