Time:645000
/top_tb/U_MEMBLOCK/_inner_dtlb_st_tlb_st_io_requestor_1_resp_valid	1
/top_tb/U_MEMBLOCK/_inner_dtlb_st_tlb_st_io_requestor_1_resp_bits_miss	0
/top_tb/U_MEMBLOCK/_inner_dtlb_st_tlb_st_io_requestor_1_resp_bits_excp_0_pf_st	1
/top_tb/U_MEMBLOCK/_inner_dtlb_st_tlb_st_io_requestor_1_resp_bits_excp_0_af_st	0
/top_tb/U_MEMBLOCK/_inner_dtlb_st_tlb_st_io_requestor_1_resp_bits_paddr_0	000000000000000000000000000000000000101100101111
/top_tb/U_MEMBLOCK/_inner_dtlb_st_tlb_st_io_requestor_1_resp_bits_fullva	0000000000000000000000000100111000001110001101001111101100101111
/top_tb/U_MEMBLOCK/_inner_StoreUnit_1_io_lsq_valid	1
/top_tb/U_MEMBLOCK/_inner_StoreUnit_1_io_lsq_bits_uop_exceptionVec_15	1
/top_tb/U_MEMBLOCK/_inner_StoreUnit_1_io_lsq_bits_uop_robIdx_flag	0
/top_tb/U_MEMBLOCK/_inner_StoreUnit_1_io_lsq_bits_uop_robIdx_value	00000000
/top_tb/U_MEMBLOCK/_inner_StoreUnit_1_io_lsq_replenish_uop_exceptionVec_15	x
/top_tb/U_MEMBLOCK/_inner_StoreUnit_1_io_lsq_replenish_uop_robIdx_flag	x
/top_tb/U_MEMBLOCK/_inner_StoreUnit_1_io_lsq_replenish_uop_robIdx_value	xxxxxxxx
/top_tb/U_MEMBLOCK/io_mem_to_ooo_writebackSta_1_valid	0
/top_tb/U_MEMBLOCK/io_mem_to_ooo_writebackSta_1_bits_uop_exceptionVec_15	x
/top_tb/U_MEMBLOCK/io_mem_to_ooo_writebackSta_1_bits_uop_exceptionVec_6	x
/top_tb/U_MEMBLOCK/io_mem_to_ooo_writebackSta_1_bits_uop_robIdx_flag	x
/top_tb/U_MEMBLOCK/io_mem_to_ooo_writebackSta_1_bits_uop_robIdx_value	xxxxxxxx
/top_tb/U_MEMBLOCK/io_mem_to_ooo_writebackSta_1_bits_debug_isMMIO	x
/top_tb/U_MEMBLOCK/io_mem_to_ooo_writebackSta_1_bits_debug_isNCIO	x
Time:645300
/top_tb/U_MEMBLOCK/_inner_dtlb_st_tlb_st_io_requestor_1_resp_valid	0
/top_tb/U_MEMBLOCK/_inner_dtlb_st_tlb_st_io_requestor_1_resp_bits_miss	1
/top_tb/U_MEMBLOCK/_inner_dtlb_st_tlb_st_io_requestor_1_resp_bits_excp_0_pf_st	0
/top_tb/U_MEMBLOCK/_inner_StoreUnit_1_io_lsq_valid	0
/top_tb/U_MEMBLOCK/_inner_StoreUnit_1_io_lsq_bits_uop_exceptionVec_15	0
/top_tb/U_MEMBLOCK/_inner_StoreUnit_1_io_lsq_replenish_uop_exceptionVec_15	1
/top_tb/U_MEMBLOCK/_inner_StoreUnit_1_io_lsq_replenish_uop_robIdx_flag	0
/top_tb/U_MEMBLOCK/_inner_StoreUnit_1_io_lsq_replenish_uop_robIdx_value	00000000
Time:650300
/top_tb/U_MEMBLOCK/_inner_dtlb_st_tlb_st_io_requestor_1_resp_bits_paddr_0	000000000000000000000000000000000000101110110100
/top_tb/U_MEMBLOCK/_inner_dtlb_st_tlb_st_io_requestor_1_resp_bits_fullva	0000000000000000000000000000011100000001000101011100101110110100
/top_tb/U_MEMBLOCK/_inner_StoreUnit_1_io_lsq_bits_uop_robIdx_value	00001101
/top_tb/U_MEMBLOCK/_inner_dtlb_st_tlb_st_io_requestor_1_resp_valid	1
/top_tb/U_MEMBLOCK/_inner_StoreUnit_1_io_lsq_valid	1
Time:655300
/top_tb/U_MEMBLOCK/io_mem_to_ooo_writebackSta_1_valid	1
/top_tb/U_MEMBLOCK/io_mem_to_ooo_writebackSta_1_bits_uop_exceptionVec_15	1
/top_tb/U_MEMBLOCK/io_mem_to_ooo_writebackSta_1_bits_uop_exceptionVec_6	0
/top_tb/U_MEMBLOCK/io_mem_to_ooo_writebackSta_1_bits_uop_robIdx_flag	0
/top_tb/U_MEMBLOCK/io_mem_to_ooo_writebackSta_1_bits_uop_robIdx_value	00000000
/top_tb/U_MEMBLOCK/io_mem_to_ooo_writebackSta_1_bits_debug_isMMIO	0
/top_tb/U_MEMBLOCK/io_mem_to_ooo_writebackSta_1_bits_debug_isNCIO	0
/top_tb/U_MEMBLOCK/_inner_dtlb_st_tlb_st_io_requestor_1_resp_valid	0
/top_tb/U_MEMBLOCK/_inner_StoreUnit_1_io_lsq_valid	0
Time:660300
/top_tb/U_MEMBLOCK/_inner_dtlb_st_tlb_st_io_requestor_1_resp_bits_paddr_0	000000000000000000000000000000000000001000011010
/top_tb/U_MEMBLOCK/_inner_dtlb_st_tlb_st_io_requestor_1_resp_bits_fullva	0000000000000000000000000011010101000110110110011101001000011010
/top_tb/U_MEMBLOCK/_inner_StoreUnit_1_io_lsq_bits_uop_robIdx_value	00100101
/top_tb/U_MEMBLOCK/io_mem_to_ooo_writebackSta_1_valid	0
/top_tb/U_MEMBLOCK/_inner_dtlb_st_tlb_st_io_requestor_1_resp_valid	1
/top_tb/U_MEMBLOCK/_inner_StoreUnit_1_io_lsq_valid	1
Time:665000
